     1                                  bits 32 
     2                                  global start        
     3                                  extern exit  
     4                                  extern printf 
     5                                  import printf msvcrt.dll    
     6                                  import exit msvcrt.dll   
     7                                  
     8                                  segment data use32 class=data
     9                                  
    10 00000000 ABABDCFEBCAB                a dw 0ABABh, 0FEDCh, 0ABBCh
    11                                      
    12 00000006 52657A756C7461743A-         mesajrez db "Rezultat: %d",10,13
    12 0000000F 2025640A0D         
    13                                  
    14                                      ;Lab 2 ASC EX 4 Inmultiri si impartiri a b c  d byte e f word
    15                                      ;[[b*c-(e+f)]/(a+d) = 20 - 5 )/ 5 = 3
    16                                  
    17                                  segment code use32 class=code
    18                                  
    19                                      start:
    20 00000000 66B8FFFF                        mov ax, 0ffffh 
    21 00000004 6699                            cwd 
    22 00000006 6683C201                        add dx, 1 
    23 0000000A 66BBFFFF                        mov bx, 65535 
    24 0000000E 66F7F3                          div bx
    25                                          
    26 00000011 68[06000000]                    push dword mesajrez
    27 00000016 FF15[00000000]                  call [printf]
    28                                          
    29 0000001C 83C410                          add esp, 16
    30 0000001F 6A00                            push    dword 0
    31 00000021 FF15[00000000]                  call    [exit]  
