     1                                  bits 32 
     2                                  
     3                                  global start        
     4                                  
     5                                  extern exit
     6                                  extern scanf
     7                                  extern printf
     8                                         
     9                                  import exit msvcrt.dll 
    10                                  import printf msvcrt.dll
    11                                  import scanf msvcrt.dll
    12                                  import exit msvcrt.dll
    13                                  
    14                                  segment data use32 class=data
    15 00000000 6E722A323D20256400          afisare db "nr*2= %d",0 
    16 00000009 266400                      citire db "&d",0
    17 0000000C 496E74726F64756365-         mesajcitire db "Introduceti n= ",0
    17 00000015 7469206E3D2000     
    18 0000001C 00                          n db 0
    19                                    
    20                                  segment code use32 class=code
    21                                      start:
    22                                      ;printare mesaj
    23 00000000 68[0C000000]                push dword mesajcitire
    24 00000005 FF15[00000000]              call [printf]
    25 0000000B 83C404                      add esp, 4*1
    26 0000000E B002                        mov al, 2
    27 00000010 F62D[1C000000]              imul byte[n];ax
    28 00000016 98                          cwde
    29 00000017 50                          push eax
    30 00000018 68[00000000]                push dword afisare
    31 0000001D FF15[00000000]              call [printf]
    32 00000023 83C408                      add esp,4*2
    33                                      
    34                                      
    35 00000026 68[1C000000]                push dword n
    36 0000002B 68[09000000]                push dword citire
    37 00000030 FF15[00000000]              call [scanf]
    38                                      
    39                                     
    40 00000036 6A00                        push    dword 0     
    41 00000038 FF15[00000000]              call    [exit]       
